Archive member included to satisfy reference by file (symbol)

/opt/st/stm32cubeide_2.0.0_2/plugins/com.st.stm32cube.ide.mcu.externaltools.gnu-tools-for-stm32.13.3.rel1.linux64_1.0.100.202509120712/tools/bin/../lib/gcc/arm-none-eabi/13.3.1/../../../../arm-none-eabi/lib/thumb/v7e-m+fp/hard/libc_nano.a(libc_a-exit.o)
                              /opt/st/stm32cubeide_2.0.0_2/plugins/com.st.stm32cube.ide.mcu.externaltools.gnu-tools-for-stm32.13.3.rel1.linux64_1.0.100.202509120712/tools/bin/../lib/gcc/arm-none-eabi/13.3.1/../../../../arm-none-eabi/lib/thumb/v7e-m+fp/hard/crt0.o (exit)
/opt/st/stm32cubeide_2.0.0_2/plugins/com.st.stm32cube.ide.mcu.externaltools.gnu-tools-for-stm32.13.3.rel1.linux64_1.0.100.202509120712/tools/bin/../lib/gcc/arm-none-eabi/13.3.1/../../../../arm-none-eabi/lib/thumb/v7e-m+fp/hard/libc_nano.a(libc_a-findfp.o)
                              /opt/st/stm32cubeide_2.0.0_2/plugins/com.st.stm32cube.ide.mcu.externaltools.gnu-tools-for-stm32.13.3.rel1.linux64_1.0.100.202509120712/tools/bin/../lib/gcc/arm-none-eabi/13.3.1/../../../../arm-none-eabi/lib/thumb/v7e-m+fp/hard/libc_nano.a(libc_a-exit.o) (__stdio_exit_handler)
/opt/st/stm32cubeide_2.0.0_2/plugins/com.st.stm32cube.ide.mcu.externaltools.gnu-tools-for-stm32.13.3.rel1.linux64_1.0.100.202509120712/tools/bin/../lib/gcc/arm-none-eabi/13.3.1/../../../../arm-none-eabi/lib/thumb/v7e-m+fp/hard/libc_nano.a(libc_a-fwalk.o)
                              /opt/st/stm32cubeide_2.0.0_2/plugins/com.st.stm32cube.ide.mcu.externaltools.gnu-tools-for-stm32.13.3.rel1.linux64_1.0.100.202509120712/tools/bin/../lib/gcc/arm-none-eabi/13.3.1/../../../../arm-none-eabi/lib/thumb/v7e-m+fp/hard/libc_nano.a(libc_a-findfp.o) (_fwalk_sglue)
/opt/st/stm32cubeide_2.0.0_2/plugins/com.st.stm32cube.ide.mcu.externaltools.gnu-tools-for-stm32.13.3.rel1.linux64_1.0.100.202509120712/tools/bin/../lib/gcc/arm-none-eabi/13.3.1/../../../../arm-none-eabi/lib/thumb/v7e-m+fp/hard/libc_nano.a(libc_a-stdio.o)
                              /opt/st/stm32cubeide_2.0.0_2/plugins/com.st.stm32cube.ide.mcu.externaltools.gnu-tools-for-stm32.13.3.rel1.linux64_1.0.100.202509120712/tools/bin/../lib/gcc/arm-none-eabi/13.3.1/../../../../arm-none-eabi/lib/thumb/v7e-m+fp/hard/libc_nano.a(libc_a-findfp.o) (__sread)
/opt/st/stm32cubeide_2.0.0_2/plugins/com.st.stm32cube.ide.mcu.externaltools.gnu-tools-for-stm32.13.3.rel1.linux64_1.0.100.202509120712/tools/bin/../lib/gcc/arm-none-eabi/13.3.1/../../../../arm-none-eabi/lib/thumb/v7e-m+fp/hard/libc_nano.a(libc_a-memset.o)
                              /opt/st/stm32cubeide_2.0.0_2/plugins/com.st.stm32cube.ide.mcu.externaltools.gnu-tools-for-stm32.13.3.rel1.linux64_1.0.100.202509120712/tools/bin/../lib/gcc/arm-none-eabi/13.3.1/../../../../arm-none-eabi/lib/thumb/v7e-m+fp/hard/crt0.o (memset)
/opt/st/stm32cubeide_2.0.0_2/plugins/com.st.stm32cube.ide.mcu.externaltools.gnu-tools-for-stm32.13.3.rel1.linux64_1.0.100.202509120712/tools/bin/../lib/gcc/arm-none-eabi/13.3.1/../../../../arm-none-eabi/lib/thumb/v7e-m+fp/hard/libc_nano.a(libc_a-closer.o)
                              /opt/st/stm32cubeide_2.0.0_2/plugins/com.st.stm32cube.ide.mcu.externaltools.gnu-tools-for-stm32.13.3.rel1.linux64_1.0.100.202509120712/tools/bin/../lib/gcc/arm-none-eabi/13.3.1/../../../../arm-none-eabi/lib/thumb/v7e-m+fp/hard/libc_nano.a(libc_a-stdio.o) (_close_r)
/opt/st/stm32cubeide_2.0.0_2/plugins/com.st.stm32cube.ide.mcu.externaltools.gnu-tools-for-stm32.13.3.rel1.linux64_1.0.100.202509120712/tools/bin/../lib/gcc/arm-none-eabi/13.3.1/../../../../arm-none-eabi/lib/thumb/v7e-m+fp/hard/libc_nano.a(libc_a-reent.o)
                              /opt/st/stm32cubeide_2.0.0_2/plugins/com.st.stm32cube.ide.mcu.externaltools.gnu-tools-for-stm32.13.3.rel1.linux64_1.0.100.202509120712/tools/bin/../lib/gcc/arm-none-eabi/13.3.1/../../../../arm-none-eabi/lib/thumb/v7e-m+fp/hard/libc_nano.a(libc_a-closer.o) (errno)
/opt/st/stm32cubeide_2.0.0_2/plugins/com.st.stm32cube.ide.mcu.externaltools.gnu-tools-for-stm32.13.3.rel1.linux64_1.0.100.202509120712/tools/bin/../lib/gcc/arm-none-eabi/13.3.1/../../../../arm-none-eabi/lib/thumb/v7e-m+fp/hard/libc_nano.a(libc_a-impure.o)
                              /opt/st/stm32cubeide_2.0.0_2/plugins/com.st.stm32cube.ide.mcu.externaltools.gnu-tools-for-stm32.13.3.rel1.linux64_1.0.100.202509120712/tools/bin/../lib/gcc/arm-none-eabi/13.3.1/../../../../arm-none-eabi/lib/thumb/v7e-m+fp/hard/libc_nano.a(libc_a-reent.o) (_impure_ptr)
/opt/st/stm32cubeide_2.0.0_2/plugins/com.st.stm32cube.ide.mcu.externaltools.gnu-tools-for-stm32.13.3.rel1.linux64_1.0.100.202509120712/tools/bin/../lib/gcc/arm-none-eabi/13.3.1/../../../../arm-none-eabi/lib/thumb/v7e-m+fp/hard/libc_nano.a(libc_a-lseekr.o)
                              /opt/st/stm32cubeide_2.0.0_2/plugins/com.st.stm32cube.ide.mcu.externaltools.gnu-tools-for-stm32.13.3.rel1.linux64_1.0.100.202509120712/tools/bin/../lib/gcc/arm-none-eabi/13.3.1/../../../../arm-none-eabi/lib/thumb/v7e-m+fp/hard/libc_nano.a(libc_a-stdio.o) (_lseek_r)
[...]
Memory Configuration

Name             Origin             Length             Attributes
FLASH            0x08000000         0x00080000         xr
RAM              0x20000008         0x0002fff8         xrw
RAM_SHARED       0x20030000         0x00002800         xrw
*default*        0x00000000         0xffffffff

Linker script and memory map

LOAD /opt/st/stm32cubeide_2.0.0_2/plugins/com.st.stm32cube.ide.mcu.externaltools.gnu-tools-for-stm32.13.3.rel1.linux64_1.0.100.202509120712/tools/bin/../lib/gcc/arm-none-eabi/13.3.1/thumb/v7e-m+fp/hard/crti.o
LOAD /opt/st/stm32cubeide_2.0.0_2/plugins/com.st.stm32cube.ide.mcu.externaltools.gnu-tools-for-stm32.13.3.rel1.linux64_1.0.100.202509120712/tools/bin/../lib/gcc/arm-none-eabi/13.3.1/thumb/v7e-m+fp/hard/crtbegin.o
LOAD /opt/st/stm32cubeide_2.0.0_2/plugins/com.st.stm32cube.ide.mcu.externaltools.gnu-tools-for-stm32.13.3.rel1.linux64_1.0.100.202509120712/tools/bin/../lib/gcc/arm-none-eabi/13.3.1/../../../../arm-none-eabi/lib/thumb/v7e-m+fp/hard/crt0.o
LOAD ./Src/led.o
LOAD ./Src/main.o
LOAD ./Src/syscalls.o
LOAD ./Src/sysmem.o
LOAD ./Src/uart.o
LOAD ./Startup/startup_stm32wb55rgvx.o
START GROUP
LOAD /opt/st/stm32cubeide_2.0.0_2/plugins/com.st.stm32cube.ide.mcu.externaltools.gnu-tools-for-stm32.13.3.rel1.linux64_1.0.100.202509120712/tools/bin/../lib/gcc/arm-none-eabi/13.3.1/../../../../arm-none-eabi/lib/thumb/v7e-m+fp/hard/libc_nano.a
LOAD /opt/st/stm32cubeide_2.0.0_2/plugins/com.st.stm32cube.ide.mcu.externaltools.gnu-tools-for-stm32.13.3.rel1.linux64_1.0.100.202509120712/tools/bin/../lib/gcc/arm-none-eabi/13.3.1/../../../../arm-none-eabi/lib/thumb/v7e-m+fp/hard/libm.a
END GROUP
START GROUP
LOAD /opt/st/stm32cubeide_2.0.0_2/plugins/com.st.stm32cube.ide.mcu.externaltools.gnu-tools-for-stm32.13.3.rel1.linux64_1.0.100.202509120712/tools/bin/../lib/gcc/arm-none-eabi/13.3.1/thumb/v7e-m+fp/hard/libgcc.a
LOAD /opt/st/stm32cubeide_2.0.0_2/plugins/com.st.stm32cube.ide.mcu.externaltools.gnu-tools-for-stm32.13.3.rel1.linux64_1.0.100.202509120712/tools/bin/../lib/gcc/arm-none-eabi/13.3.1/../../../../arm-none-eabi/lib/thumb/v7e-m+fp/hard/libc_nano.a
END GROUP
START GROUP
LOAD /opt/st/stm32cubeide_2.0.0_2/plugins/com.st.stm32cube.ide.mcu.externaltools.gnu-tools-for-stm32.13.3.rel1.linux64_1.0.100.202509120712/tools/bin/../lib/gcc/arm-none-eabi/13.3.1/thumb/v7e-m+fp/hard/libgcc.a
LOAD /opt/st/stm32cubeide_2.0.0_2/plugins/com.st.stm32cube.ide.mcu.externaltools.gnu-tools-for-stm32.13.3.rel1.linux64_1.0.100.202509120712/tools/bin/../lib/gcc/arm-none-eabi/13.3.1/../../../../arm-none-eabi/lib/thumb/v7e-m+fp/hard/libc_nano.a
LOAD /opt/st/stm32cubeide_2.0.0_2/plugins/com.st.stm32cube.ide.mcu.externaltools.gnu-tools-for-stm32.13.3.rel1.linux64_1.0.100.202509120712/tools/bin/../lib/gcc/arm-none-eabi/13.3.1/../../../../arm-none-eabi/lib/thumb/v7e-m+fp/hard/libnosys.a
END GROUP
START GROUP
LOAD /opt/st/stm32cubeide_2.0.0_2/plugins/com.st.stm32cube.ide.mcu.externaltools.gnu-tools-for-stm32.13.3.rel1.linux64_1.0.100.202509120712/tools/bin/../lib/gcc/arm-none-eabi/13.3.1/thumb/v7e-m+fp/hard/libgcc.a
LOAD /opt/st/stm32cubeide_2.0.0_2/plugins/com.st.stm32cube.ide.mcu.externaltools.gnu-tools-for-stm32.13.3.rel1.linux64_1.0.100.202509120712/tools/bin/../lib/gcc/arm-none-eabi/13.3.1/../../../../arm-none-eabi/lib/thumb/v7e-m+fp/hard/libc_nano.a
LOAD /opt/st/stm32cubeide_2.0.0_2/plugins/com.st.stm32cube.ide.mcu.externaltools.gnu-tools-for-stm32.13.3.rel1.linux64_1.0.100.202509120712/tools/bin/../lib/gcc/arm-none-eabi/13.3.1/../../../../arm-none-eabi/lib/thumb/v7e-m+fp/hard/libnosys.a
END GROUP
LOAD /opt/st/stm32cubeide_2.0.0_2/plugins/com.st.stm32cube.ide.mcu.externaltools.gnu-tools-for-stm32.13.3.rel1.linux64_1.0.100.202509120712/tools/bin/../lib/gcc/arm-none-eabi/13.3.1/thumb/v7e-m+fp/hard/crtend.o
LOAD /opt/st/stm32cubeide_2.0.0_2/plugins/com.st.stm32cube.ide.mcu.externaltools.gnu-tools-for-stm32.13.3.rel1.linux64_1.0.100.202509120712/tools/bin/../lib/gcc/arm-none-eabi/13.3.1/thumb/v7e-m+fp/hard/crtn.o
                0x20030000                        _estack = (ORIGIN (RAM) + LENGTH (RAM))
                0x00000200                        _Min_Heap_Size = 0x200
                0x00000400                        _Min_Stack_Size = 0x400

.isr_vector     0x08000000      0x13c
                0x08000000                        . = ALIGN (0x4)
 *(.isr_vector)
 .isr_vector    0x08000000      0x13c ./Startup/startup_stm32wb55rgvx.o
                0x08000000                g_pfnVectors
                0x0800013c                        . = ALIGN (0x4)

.text           0x0800013c      0x310
                0x0800013c                        . = ALIGN (0x4)
 *(.text)
 .text          0x0800013c       0x40 /opt/st/stm32cubeide_2.0.0_2/plugins/com.st.stm32cube.ide.mcu.externaltools.gnu-tools-for-stm32.13.3.rel1.linux64_1.0.100.202509120712/tools/bin/../lib/gcc/arm-none-eabi/13.3.1/thumb/v7e-m+fp/hard/crtbegin.o
 .text          0x0800017c       0x10 /opt/st/stm32cubeide_2.0.0_2/plugins/com.st.stm32cube.ide.mcu.externaltools.gnu-tools-for-stm32.13.3.rel1.linux64_1.0.100.202509120712/tools/bin/../lib/gcc/arm-none-eabi/13.3.1/../../../../arm-none-eabi/lib/thumb/v7e-m+fp/hard/libc_nano.a(libc_a-strlen.o)
                0x0800017c                strlen
 *(.text*)
 .text.Led_Init
                0x0800018c       0x3c ./Src/led.o
                0x0800018c                Led_Init
 .text.Led_Toggle
                0x080001c8       0x3c ./Src/led.o
                0x080001c8                Led_Toggle
 .text.main     0x08000204       0x2c ./Src/main.o
                0x08000204                main
 .text.m_uart_init
                0x08000230       0x90 ./Src/uart.o
                0x08000230                m_uart_init
 .text.m_uart_write
                0x080002c0       0x30 ./Src/uart.o
 .text.m_uart_transmit_blocking
                0x080002f0       0x3e ./Src/uart.o
                0x080002f0                m_uart_transmit_blocking
 *fill*         0x0800032e        0x2 
 .text.m_set_uart_baudrate
                0x08000330       0x24 ./Src/uart.o
 .text.m_compute_baudarate
                0x08000354       0x24 ./Src/uart.o
 .text.data_initializers
                0x08000378       0x18 ./Startup/startup_stm32wb55rgvx.o
 .text.Reset_Handler
                0x08000390       0x58 ./Startup/startup_stm32wb55rgvx.o
                0x08000390                Reset_Handler
 .text.Default_Handler
                0x080003e8        0x2 ./Startup/startup_stm32wb55rgvx.o
                0x080003e8                EXTI2_IRQHandler
                0x080003e8                DebugMon_Handler
                0x080003e8                TIM1_CC_IRQHandler
                0x080003e8                TSC_IRQHandler
                0x080003e8                HardFault_Handler
                0x080003e8                USB_HP_IRQHandler
                0x080003e8                SysTick_Handler
                0x080003e8                PVD_IRQHandler
                0x080003e8                PendSV_Handler
                0x080003e8                NMI_Handler
                0x080003e8                EXTI3_IRQHandler
                0x080003e8                CRS_IT_IRQHandler
                0x080003e8                True_RNG_IRQHandler
                0x080003e8                LPTIM2_IRQHandler
                0x080003e8                I2C3_ER_IRQHandler
                0x080003e8                PWR_SOTF_IRQHandler
                0x080003e8                EXTI0_IRQHandler
                0x080003e8                DMA2_CH1_IRQHandler
                0x080003e8                IPCC_C1_TX_IT_IRQHandler
                0x080003e8                RTC_TAMP_IRQHandler
                0x080003e8                DMA2_CH7_IRQHandler
                0x080003e8                UsageFault_Handler
                0x080003e8                AES1_IRQHandler
                0x080003e8                SPI1_IRQHandler
                0x080003e8                RTC_ALARM_IRQHandler
                0x080003e8                DMA1_Channel4_IRQHandler
                0x080003e8                ADC1_IRQHandler
                0x080003e8                PKA_IRQHandler
                0x080003e8                DMA1_Channel7_IRQHandler
                0x080003e8                LCD_IRQHandler
                0x080003e8                QUADSPI_IRQHandler
                0x080003e8                I2C1_EV_IRQHandler
                0x080003e8                DMA2_CH5_IRQHandler
                0x080003e8                DMA1_Channel6_IRQHandler
                0x080003e8                EXTI10_15_IRQHandler
                0x080003e8                DMA1_Channel1_IRQHandler
                0x080003e8                Default_Handler
                0x080003e8                C2SEV_IRQHandler
                0x080003e8                AES2_IRQHandler
                0x080003e8                I2C3_EV_IRQHandler
                0x080003e8                RTC_WKUP_IRQHandler
                0x080003e8                SPI2_IRQHandler
                0x080003e8                MemManage_Handler
                0x080003e8                IPCC_C1_RX_IT_IRQHandler
                0x080003e8                SVC_Handler
                0x080003e8                DMA1_Channel5_IRQHandler
                0x080003e8                USB_LP_IRQHandler
                0x080003e8                EXTI4_IRQHandler
                0x080003e8                TIM1_TRG_COM_TIM17_IRQHandler
                0x080003e8                DMA1_Channel3_IRQHandler
                0x080003e8                COMP_IRQHandler
                0x080003e8                HSEM_IRQHandler
                0x080003e8                TIM1_UP_IRQHandler
                0x080003e8                WWDG_IRQHandler
                0x080003e8                LPUART1_IRQHandler
                0x080003e8                EXTI5_9_IRQHandler
                0x080003e8                TIM2_IRQHandler
                0x080003e8                TIM1_BRK_IRQHandler
                0x080003e8                EXTI1_IRQHandler
                0x080003e8                DMA1_Channel2_IRQHandler
                0x080003e8                FLASH_IRQHandler
                0x080003e8                BusFault_Handler
                0x080003e8                USART1_IRQHandler
                0x080003e8                DMA2_CH6_IRQHandler
                0x080003e8                DMA2_CH3_IRQHandler
                0x080003e8                DMA2_CH2_IRQHandler
                0x080003e8                I2C1_ER_IRQHandler
                0x080003e8                DMA2_CH4_IRQHandler
                0x080003e8                LPTIM1_IRQHandler
                0x080003e8                DMAMUX_OVR_IRQHandler
                0x080003e8                SAI1_IRQHandler
 *fill*         0x080003ea        0x2 
 .text.__libc_init_array
                0x080003ec       0x48 /opt/st/stm32cubeide_2.0.0_2/plugins/com.st.stm32cube.ide.mcu.externaltools.gnu-tools-for-stm32.13.3.rel1.linux64_1.0.100.202509120712/tools/bin/../lib/gcc/arm-none-eabi/13.3.1/../../../../arm-none-eabi/lib/thumb/v7e-m+fp/hard/libc_nano.a(libc_a-init.o)
                0x080003ec                __libc_init_array
 *(.glue_7)
 .glue_7        0x08000434        0x0 linker stubs
 *(.glue_7t)
 .glue_7t       0x08000434        0x0 linker stubs
 *(.eh_frame)
 .eh_frame      0x08000434        0x0 /opt/st/stm32cubeide_2.0.0_2/plugins/com.st.stm32cube.ide.mcu.externaltools.gnu-tools-for-stm32.13.3.rel1.linux64_1.0.100.202509120712/tools/bin/../lib/gcc/arm-none-eabi/13.3.1/thumb/v7e-m+fp/hard/crtbegin.o
 *(.init)
 .init          0x08000434        0x4 /opt/st/stm32cubeide_2.0.0_2/plugins/com.st.stm32cube.ide.mcu.externaltools.gnu-tools-for-stm32.13.3.rel1.linux64_1.0.100.202509120712/tools/bin/../lib/gcc/arm-none-eabi/13.3.1/thumb/v7e-m+fp/hard/crti.o
                0x08000434                _init
 .init          0x08000438        0x8 /opt/st/stm32cubeide_2.0.0_2/plugins/com.st.stm32cube.ide.mcu.externaltools.gnu-tools-for-stm32.13.3.rel1.linux64_1.0.100.202509120712/tools/bin/../lib/gcc/arm-none-eabi/13.3.1/thumb/v7e-m+fp/hard/crtn.o
 *(.fini)
 .fini          0x08000440        0x4 /opt/st/stm32cubeide_2.0.0_2/plugins/com.st.stm32cube.ide.mcu.externaltools.gnu-tools-for-stm32.13.3.rel1.linux64_1.0.100.202509120712/tools/bin/../lib/gcc/arm-none-eabi/13.3.1/thumb/v7e-m+fp/hard/crti.o
                0x08000440                _fini
 .fini          0x08000444        0x8 /opt/st/stm32cubeide_2.0.0_2/plugins/com.st.stm32cube.ide.mcu.externaltools.gnu-tools-for-stm32.13.3.rel1.linux64_1.0.100.202509120712/tools/bin/../lib/gcc/arm-none-eabi/13.3.1/thumb/v7e-m+fp/hard/crtn.o
                0x0800044c                        . = ALIGN (0x4)
                0x0800044c                        _etext = .

.vfp11_veneer   0x0800044c        0x0
 .vfp11_veneer  0x0800044c        0x0 linker stubs

.v4_bx          0x0800044c        0x0
 .v4_bx         0x0800044c        0x0 linker stubs

.iplt           0x0800044c        0x0
 .iplt          0x0800044c        0x0 /opt/st/stm32cubeide_2.0.0_2/plugins/com.st.stm32cube.ide.mcu.externaltools.gnu-tools-for-stm32.13.3.rel1.linux64_1.0.100.202509120712/tools/bin/../lib/gcc/arm-none-eabi/13.3.1/thumb/v7e-m+fp/hard/crtbegin.o

.rodata         0x0800044c       0x20
                0x0800044c                        . = ALIGN (0x4)
 *(.rodata)
 .rodata        0x0800044c       0x1f ./Src/main.o
 *(.rodata*)
                0x0800046c                        . = ALIGN (0x4)
 *fill*         0x0800046b        0x1 

.ARM.extab
 *(.ARM.extab* .gnu.linkonce.armextab.*)

.ARM            0x0800046c        0x8
                0x0800046c                        __exidx_start = .
 *(.ARM.exidx*)
 .ARM.exidx     0x0800046c        0x8 /opt/st/stm32cubeide_2.0.0_2/plugins/com.st.stm32cube.ide.mcu.externaltools.gnu-tools-for-stm32.13.3.rel1.linux64_1.0.100.202509120712/tools/bin/../lib/gcc/arm-none-eabi/13.3.1/../../../../arm-none-eabi/lib/thumb/v7e-m+fp/hard/libc_nano.a(libc_a-strlen.o)
                0x08000474                        __exidx_end = .

.preinit_array  0x08000474        0x0
                0x08000474                        PROVIDE (__preinit_array_start = .)
 *(.preinit_array*)
                0x08000474                        PROVIDE (__preinit_array_end = .)

.init_array     0x08000474        0x4
                0x08000474                        PROVIDE (__init_array_start = .)
 *(SORT_BY_NAME(.init_array.*))
 *(.init_array*)
 .init_array    0x08000474        0x4 /opt/st/stm32cubeide_2.0.0_2/plugins/com.st.stm32cube.ide.mcu.externaltools.gnu-tools-for-stm32.13.3.rel1.linux64_1.0.100.202509120712/tools/bin/../lib/gcc/arm-none-eabi/13.3.1/thumb/v7e-m+fp/hard/crtbegin.o
                0x08000478                        PROVIDE (__init_array_end = .)

.fini_array     0x08000478        0x4
                [!provide]                        PROVIDE (__fini_array_start = .)
 *(SORT_BY_NAME(.fini_array.*))
 *(.fini_array*)
 .fini_array    0x08000478        0x4 /opt/st/stm32cubeide_2.0.0_2/plugins/com.st.stm32cube.ide.mcu.externaltools.gnu-tools-for-stm32.13.3.rel1.linux64_1.0.100.202509120712/tools/bin/../lib/gcc/arm-none-eabi/13.3.1/thumb/v7e-m+fp/hard/crtbegin.o
                [!provide]                        PROVIDE (__fini_array_end = .)
                0x0800047c                        _sidata = LOADADDR (.data)

.rel.dyn        0x0800047c        0x0
 .rel.iplt      0x0800047c        0x0 /opt/st/stm32cubeide_2.0.0_2/plugins/com.st.stm32cube.ide.mcu.externaltools.gnu-tools-for-stm32.13.3.rel1.linux64_1.0.100.202509120712/tools/bin/../lib/gcc/arm-none-eabi/13.3.1/thumb/v7e-m+fp/hard/crtbegin.o

.data           0x20000008        0x0 load address 0x0800047c
                0x20000008                        . = ALIGN (0x4)
                0x20000008                        _sdata = .
 *(.data)
 *(.data*)
 *(.RamFunc)
 *(.RamFunc*)
                0x20000008                        . = ALIGN (0x4)
                0x20000008                        _edata = .

.igot.plt       0x20000008        0x0 load address 0x0800047c
 .igot.plt      0x20000008        0x0 /opt/st/stm32cubeide_2.0.0_2/plugins/com.st.stm32cube.ide.mcu.externaltools.gnu-tools-for-stm32.13.3.rel1.linux64_1.0.100.202509120712/tools/bin/../lib/gcc/arm-none-eabi/13.3.1/thumb/v7e-m+fp/hard/crtbegin.o
                0x20000008                        . = ALIGN (0x4)

.bss            0x20000008       0x1c load address 0x0800047c
                0x20000008                        _sbss = .
                0x20000008                        __bss_start__ = _sbss
 *(.bss)
 .bss           0x20000008       0x1c /opt/st/stm32cubeide_2.0.0_2/plugins/com.st.stm32cube.ide.mcu.externaltools.gnu-tools-for-stm32.13.3.rel1.linux64_1.0.100.202509120712/tools/bin/../lib/gcc/arm-none-eabi/13.3.1/thumb/v7e-m+fp/hard/crtbegin.o
 *(.bss*)
 *(COMMON)
                0x20000024                        . = ALIGN (0x4)
                0x20000024                        _ebss = .
                0x20000024                        __bss_end__ = _ebss

._user_heap_stack
                0x20000024      0x604 load address 0x0800047c
                0x20000028                        . = ALIGN (0x8)
 *fill*         0x20000024        0x4 
                [!provide]                        PROVIDE (end = .)
                0x20000028                        PROVIDE (_end = .)
                0x20000228                        . = (. + _Min_Heap_Size)
 *fill*         0x20000028      0x200 
                0x20000628                        . = (. + _Min_Stack_Size)
 *fill*         0x20000228      0x400 
                0x20000628                        . = ALIGN (0x8)

/DISCARD/
 libc.a(*)
 libm.a(*)
 libgcc.a(*)

.ARM.attributes
                0x00000000       0x30
 *(.ARM.attributes)
 .ARM.attributes
                0x00000000       0x22 /opt/st/stm32cubeide_2.0.0_2/plugins/com.st.stm32cube.ide.mcu.externaltools.gnu-tools-for-stm32.13.3.rel1.linux64_1.0.100.202509120712/tools/bin/../lib/gcc/arm-none-eabi/13.3.1/thumb/v7e-m+fp/hard/crti.o
 .ARM.attributes
                0x00000022       0x34 /opt/st/stm32cubeide_2.0.0_2/plugins/com.st.stm32cube.ide.mcu.externaltools.gnu-tools-for-stm32.13.3.rel1.linux64_1.0.100.202509120712/tools/bin/../lib/gcc/arm-none-eabi/13.3.1/thumb/v7e-m+fp/hard/crtbegin.o
 .ARM.attributes
                0x00000056       0x34 ./Src/led.o
 .ARM.attributes
                0x0000008a       0x34 ./Src/main.o
 .ARM.attributes
                0x000000be       0x34 ./Src/uart.o
 .ARM.attributes
                0x000000f2       0x21 ./Startup/startup_stm32wb55rgvx.o
 .ARM.attributes
                0x00000113       0x34 /opt/st/stm32cubeide_2.0.0_2/plugins/com.st.stm32cube.ide.mcu.externaltools.gnu-tools-for-stm32.13.3.rel1.linux64_1.0.100.202509120712/tools/bin/../lib/gcc/arm-none-eabi/13.3.1/../../../../arm-none-eabi/lib/thumb/v7e-m+fp/hard/libc_nano.a(libc_a-init.o)
 .ARM.attributes
                0x00000147       0x17 /opt/st/stm32cubeide_2.0.0_2/plugins/com.st.stm32cube.ide.mcu.externaltools.gnu-tools-for-stm32.13.3.rel1.linux64_1.0.100.202509120712/tools/bin/../lib/gcc/arm-none-eabi/13.3.1/../../../../arm-none-eabi/lib/thumb/v7e-m+fp/hard/libc_nano.a(libc_a-strlen.o)
 .ARM.attributes
                0x0000015e       0x22 /opt/st/stm32cubeide_2.0.0_2/plugins/com.st.stm32cube.ide.mcu.externaltools.gnu-tools-for-stm32.13.3.rel1.linux64_1.0.100.202509120712/tools/bin/../lib/gcc/arm-none-eabi/13.3.1/thumb/v7e-m+fp/hard/crtn.o

MAPPING_TABLE
 *(MAPPING_TABLE)

MB_MEM1
 *(MB_MEM1)
                0x0800047c                        _siMB_MEM2 = LOADADDR (.MB_MEM2)

.MB_MEM2        0x20030000        0x0 load address 0x0800047c
                0x20030000                        _sMB_MEM2 = .
 *(MB_MEM2)
                0x20030000                        _eMB_MEM2 = .
OUTPUT(STM32M4_HAL_UART.elf elf32-littlearm)
LOAD linker stubs
LOAD /opt/st/stm32cubeide_2.0.0_2/plugins/com.st.stm32cube.ide.mcu.externaltools.gnu-tools-for-stm32.13.3.rel1.linux64_1.0.100.202509120712/tools/bin/../lib/gcc/arm-none-eabi/13.3.1/../../../../arm-none-eabi/lib/thumb/v7e-m+fp/hard/libc.a
LOAD /opt/st/stm32cubeide_2.0.0_2/plugins/com.st.stm32cube.ide.mcu.externaltools.gnu-tools-for-stm32.13.3.rel1.linux64_1.0.100.202509120712/tools/bin/../lib/gcc/arm-none-eabi/13.3.1/../../../../arm-none-eabi/lib/thumb/v7e-m+fp/hard/libm.a
LOAD /opt/st/stm32cubeide_2.0.0_2/plugins/com.st.stm32cube.ide.mcu.externaltools.gnu-tools-for-stm32.13.3.rel1.linux64_1.0.100.202509120712/tools/bin/../lib/gcc/arm-none-eabi/13.3.1/thumb/v7e-m+fp/hard/libgcc.a

.debug_info     0x00000000      0xd0c
 .debug_info    0x00000000      0x4e7 ./Src/led.o
 .debug_info    0x000004e7      0x1b4 ./Src/main.o
 .debug_info    0x0000069b      0x641 ./Src/uart.o
 .debug_info    0x00000cdc       0x30 ./Startup/startup_stm32wb55rgvx.o

.debug_abbrev   0x00000000      0x416
 .debug_abbrev  0x00000000      0x11e ./Src/led.o
 .debug_abbrev  0x0000011e      0x101 ./Src/main.o
 .debug_abbrev  0x0000021f      0x1d3 ./Src/uart.o
 .debug_abbrev  0x000003f2       0x24 ./Startup/startup_stm32wb55rgvx.o

.debug_aranges  0x00000000       0xd0
 .debug_aranges
                0x00000000       0x38 ./Src/led.o
 .debug_aranges
                0x00000038       0x20 ./Src/main.o
 .debug_aranges
                0x00000058       0x48 ./Src/uart.o
 .debug_aranges
                0x000000a0       0x30 ./Startup/startup_stm32wb55rgvx.o

.debug_rnglists
                0x00000000       0x89
 .debug_rnglists
                0x00000000       0x25 ./Src/led.o
 .debug_rnglists
                0x00000025       0x13 ./Src/main.o
 .debug_rnglists
                0x00000038       0x32 ./Src/uart.o
 .debug_rnglists
                0x0000006a       0x1f ./Startup/startup_stm32wb55rgvx.o

.debug_macro    0x00000000    0x15dbb
 .debug_macro   0x00000000       0xce ./Src/led.o
 .debug_macro   0x000000ce      0xade ./Src/led.o
 .debug_macro   0x00000bac       0x22 ./Src/led.o
 .debug_macro   0x00000bce       0x8e ./Src/led.o
 .debug_macro   0x00000c5c       0x51 ./Src/led.o
 .debug_macro   0x00000cad      0x103 ./Src/led.o
 .debug_macro   0x00000db0       0x6a ./Src/led.o
 .debug_macro   0x00000e1a      0x1df ./Src/led.o
 .debug_macro   0x00000ff9       0x2e ./Src/led.o
 .debug_macro   0x00001027       0x1c ./Src/led.o
 .debug_macro   0x00001043       0x22 ./Src/led.o
 .debug_macro   0x00001065       0xfb ./Src/led.o
 .debug_macro   0x00001160     0x1011 ./Src/led.o
 .debug_macro   0x00002171      0x11f ./Src/led.o
 .debug_macro   0x00002290    0x12adb ./Src/led.o
 .debug_macro   0x00014d6b       0x10 ./Src/led.o
 .debug_macro   0x00014d7b      0x1ae ./Src/main.o
 .debug_macro   0x00014f29       0x5b ./Src/main.o
 .debug_macro   0x00014f84       0x2a ./Src/main.o
 .debug_macro   0x00014fae       0x94 ./Src/main.o
 .debug_macro   0x00015042       0x43 ./Src/main.o
 .debug_macro   0x00015085       0x34 ./Src/main.o
 .debug_macro   0x000150b9       0x16 ./Src/main.o
 .debug_macro   0x000150cf       0x57 ./Src/main.o
 .debug_macro   0x00015126       0x9e ./Src/main.o
 .debug_macro   0x000151c4      0x370 ./Src/main.o
 .debug_macro   0x00015534      0x112 ./Src/main.o
 .debug_macro   0x00015646       0x10 ./Src/main.o
 .debug_macro   0x00015656       0x16 ./Src/main.o
 .debug_macro   0x0001566c       0x4a ./Src/main.o
 .debug_macro   0x000156b6       0x34 ./Src/main.o
 .debug_macro   0x000156ea       0x10 ./Src/main.o
 .debug_macro   0x000156fa       0x58 ./Src/main.o
 .debug_macro   0x00015752       0x8e ./Src/main.o
 .debug_macro   0x000157e0       0x1c ./Src/main.o
 .debug_macro   0x000157fc      0x185 ./Src/main.o
 .debug_macro   0x00015981       0x16 ./Src/main.o
 .debug_macro   0x00015997       0x16 ./Src/main.o
 .debug_macro   0x000159ad      0x146 ./Src/main.o
 .debug_macro   0x00015af3       0x2e ./Src/main.o
 .debug_macro   0x00015b21      0x1db ./Src/uart.o
 .debug_macro   0x00015cfc       0x61 ./Src/uart.o
 .debug_macro   0x00015d5d       0x28 ./Src/uart.o
 .debug_macro   0x00015d85       0x16 ./Src/uart.o
 .debug_macro   0x00015d9b       0x20 ./Src/uart.o

.debug_line     0x00000000     0x127c
 .debug_line    0x00000000      0x4fe ./Src/led.o
 .debug_line    0x000004fe      0x5ec ./Src/main.o
 .debug_line    0x00000aea      0x70f ./Src/uart.o
 .debug_line    0x000011f9       0x83 ./Startup/startup_stm32wb55rgvx.o

.debug_str      0x00000000    0x7a695
 .debug_str     0x00000000    0x7a695 ./Src/led.o
                              0x76c02 (size before relaxing)
 .debug_str     0x0007a695        0x0 ./Src/main.o
                              0x7a578 (size before relaxing)
 .debug_str     0x0007a695        0x0 ./Src/uart.o
                              0x7a843 (size before relaxing)
 .debug_str     0x0007a695        0x0 ./Startup/startup_stm32wb55rgvx.o
                                 0xa3 (size before relaxing)

.comment        0x00000000       0x43
 .comment       0x00000000       0x43 ./Src/led.o
                                 0x44 (size before relaxing)
 .comment       0x00000043        0x0 ./Src/main.o
                                 0x44 (size before relaxing)
 .comment       0x00000043        0x0 ./Src/uart.o
                                 0x44 (size before relaxing)

.debug_frame    0x00000000      0x1f8
 .debug_frame   0x00000000       0xa8 ./Src/led.o
 .debug_frame   0x000000a8       0x30 ./Src/main.o
 .debug_frame   0x000000d8       0xf4 ./Src/uart.o
 .debug_frame   0x000001cc       0x2c /opt/st/stm32cubeide_2.0.0_2/plugins/com.st.stm32cube.ide.mcu.externaltools.gnu-tools-for-stm32.13.3.rel1.linux64_1.0.100.202509120712/tools/bin/../lib/gcc/arm-none-eabi/13.3.1/../../../../arm-none-eabi/lib/thumb/v7e-m+fp/hard/libc_nano.a(libc_a-init.o)

.debug_line_str
                0x00000000       0x87
 .debug_line_str
                0x00000000       0x87 ./Startup/startup_stm32wb55rgvx.o
